Document count: 73
Fetch Image Sizes Only: 1:04.131 (m:ss.mmm)
Fetch Meta (No Images, No Serials): 598.577ms
